// Jest Snapshot v1, https://goo.gl/fbAQLP

exports[`integ snapshot validation 1`] = `
Object {
  "Resources": Object {
    "AntiHotlink7E3EC671": Object {
      "Properties": Object {
        "Location": Object {
          "ApplicationId": "arn:aws:serverlessrepo:us-east-1:418289889111:applications/anti-hotlinking",
          "SemanticVersion": "1.2.5",
        },
        "Parameters": Object {
          "RefererList": "example.com,exa?ple.*",
        },
      },
      "Type": "AWS::Serverless::Application",
    },
    "LambdaVersionAntiHotlinkB0E73263": Object {
      "Properties": Object {
        "FunctionName": Object {
          "Fn::Select": Array [
            6,
            Object {
              "Fn::Split": Array [
                ":",
                Object {
                  "Fn::GetAtt": Array [
                    "AntiHotlink7E3EC671",
                    "Outputs.AntiHotlinking",
                  ],
                },
              ],
            },
          ],
        },
      },
      "Type": "AWS::Lambda::Version",
    },
    "LambdaVersionSecurityHeaders03A0688D": Object {
      "Properties": Object {
        "FunctionName": Object {
          "Fn::Select": Array [
            6,
            Object {
              "Fn::Split": Array [
                ":",
                Object {
                  "Fn::GetAtt": Array [
                    "SecurityHeadersEA108852",
                    "Outputs.AddSecurityHeaderFunction",
                  ],
                },
              ],
            },
          ],
        },
      },
      "Type": "AWS::Lambda::Version",
    },
    "SecurityHeadersEA108852": Object {
      "Properties": Object {
        "Location": Object {
          "ApplicationId": "arn:aws:serverlessrepo:us-east-1:418289889111:applications/add-security-headers",
          "SemanticVersion": "1.0.0",
        },
      },
      "Type": "AWS::Serverless::Application",
    },
    "distdistDistDAED5D0D": Object {
      "Properties": Object {
        "DistributionConfig": Object {
          "DefaultCacheBehavior": Object {
            "CachePolicyId": "658327ea-f89d-4fab-a63d-7e88639e58f6",
            "Compress": true,
            "LambdaFunctionAssociations": Array [
              Object {
                "EventType": "viewer-request",
                "LambdaFunctionARN": Object {
                  "Ref": "LambdaVersionAntiHotlinkB0E73263",
                },
              },
              Object {
                "EventType": "origin-response",
                "LambdaFunctionARN": Object {
                  "Ref": "LambdaVersionSecurityHeaders03A0688D",
                },
              },
            ],
            "TargetOriginId": "demostackdistdistDistOrigin182885C74",
            "ViewerProtocolPolicy": "allow-all",
          },
          "Enabled": true,
          "HttpVersion": "http2",
          "IPV6Enabled": true,
          "Origins": Array [
            Object {
              "CustomOriginConfig": Object {
                "OriginProtocolPolicy": "https-only",
                "OriginSSLProtocols": Array [
                  "TLSv1.2",
                ],
              },
              "DomainName": "aws.amazon.com",
              "Id": "demostackdistdistDistOrigin182885C74",
            },
          ],
        },
      },
      "Type": "AWS::CloudFront::Distribution",
    },
  },
  "Transform": "AWS::Serverless-2016-10-31",
}
`;
